ERROR:root:error
CRITICAL:root:critical
ERROR:root:error
CRITICAL:root:critical
